ERC report (2026-08-01T13:36:52, Encoding UTF8)
Report includes: Errors, Warnings

***** Sheet /

***** Sheet /Power/

***** Sheet /Inputs/
[pin_to_pin]: Pins of type Power output and Power output are connected
    ; error
    @(1900 mils, 1500 mils): Symbol #FLG03 Pin 1 [Power output, Line]
    @(1950 mils, 3800 mils): Symbol #FLG09 Pin 1 [Power output, Line]
[pin_to_pin]: Pins of type Power output and Power output are connected
    ; error
    @(1950 mils, 3800 mils): Symbol #FLG09 Pin 1 [Power output, Line]
    @(1950 mils, 4950 mils): Symbol #FLG012 Pin 1 [Power output, Line]
[pin_to_pin]: Pins of type Power output and Power output are connected
    ; error
    @(1950 mils, 4950 mils): Symbol #FLG012 Pin 1 [Power output, Line]
    @(2050 mils, 6100 mils): Symbol #FLG015 Pin 1 [Power output, Line]
[pin_to_pin]: Pins of type Power output and Power output are connected
    ; error
    @(2000 mils, 7400 mils): Symbol #FLG018 Pin 1 [Power output, Line]
    @(2050 mils, 8550 mils): Symbol #FLG021 Pin 1 [Power output, Line]
[pin_to_pin]: Pins of type Power output and Power output are connected
    ; error
    @(2050 mils, 6100 mils): Symbol #FLG015 Pin 1 [Power output, Line]
    @(2000 mils, 7400 mils): Symbol #FLG018 Pin 1 [Power output, Line]
[pin_to_pin]: Pins of type Power output and Power output are connected
    ; error
    @(2050 mils, 8550 mils): Symbol #FLG021 Pin 1 [Power output, Line]
    @(2100 mils, 9700 mils): Symbol #FLG024 Pin 1 [Power output, Line]
[pin_to_pin]: Pins of type Power output and Power output are connected
    ; error
    @(6000 mils, 1600 mils): Symbol #FLG04 Pin 1 [Power output, Line]
    @(6050 mils, 3900 mils): Symbol #FLG010 Pin 1 [Power output, Line]
[pin_to_pin]: Pins of type Power output and Power output are connected
    ; error
    @(6050 mils, 3900 mils): Symbol #FLG010 Pin 1 [Power output, Line]
    @(6050 mils, 5050 mils): Symbol #FLG013 Pin 1 [Power output, Line]
[pin_to_pin]: Pins of type Power output and Power output are connected
    ; error
    @(6050 mils, 5050 mils): Symbol #FLG013 Pin 1 [Power output, Line]
    @(6150 mils, 6200 mils): Symbol #FLG016 Pin 1 [Power output, Line]
[pin_to_pin]: Pins of type Power output and Power output are connected
    ; error
    @(6100 mils, 7500 mils): Symbol #FLG019 Pin 1 [Power output, Line]
    @(6150 mils, 8650 mils): Symbol #FLG022 Pin 1 [Power output, Line]
[pin_to_pin]: Pins of type Power output and Power output are connected
    ; error
    @(6150 mils, 6200 mils): Symbol #FLG016 Pin 1 [Power output, Line]
    @(6100 mils, 7500 mils): Symbol #FLG019 Pin 1 [Power output, Line]
[pin_to_pin]: Pins of type Power output and Power output are connected
    ; error
    @(6150 mils, 8650 mils): Symbol #FLG022 Pin 1 [Power output, Line]
    @(6200 mils, 9800 mils): Symbol #FLG025 Pin 1 [Power output, Line]
[pin_to_pin]: Pins of type Power output and Power output are connected
    ; error
    @(6300 mils, 850 mils): Symbol #FLG05 Pin 1 [Power output, Line]
    @(6350 mils, 3150 mils): Symbol #FLG011 Pin 1 [Power output, Line]
[pin_to_pin]: Pins of type Power output and Power output are connected
    ; error
    @(6350 mils, 3150 mils): Symbol #FLG011 Pin 1 [Power output, Line]
    @(6350 mils, 4300 mils): Symbol #FLG014 Pin 1 [Power output, Line]
[pin_to_pin]: Pins of type Power output and Power output are connected
    ; error
    @(6350 mils, 4300 mils): Symbol #FLG014 Pin 1 [Power output, Line]
    @(6450 mils, 5450 mils): Symbol #FLG017 Pin 1 [Power output, Line]
[pin_to_pin]: Pins of type Power output and Power output are connected
    ; error
    @(6400 mils, 6750 mils): Symbol #FLG020 Pin 1 [Power output, Line]
    @(6450 mils, 7900 mils): Symbol #FLG023 Pin 1 [Power output, Line]
[pin_to_pin]: Pins of type Power output and Power output are connected
    ; error
    @(6450 mils, 5450 mils): Symbol #FLG017 Pin 1 [Power output, Line]
    @(6400 mils, 6750 mils): Symbol #FLG020 Pin 1 [Power output, Line]
[pin_to_pin]: Pins of type Power output and Power output are connected
    ; error
    @(6450 mils, 7900 mils): Symbol #FLG023 Pin 1 [Power output, Line]
    @(6500 mils, 9050 mils): Symbol #FLG026 Pin 1 [Power output, Line]

***** Sheet /Outputs/

***** Sheet /Stepper/

***** Sheet /Temperature/

***** Sheet /STM32_Interface/

***** Sheet /Connector/

 ** ERC messages: 18  Errors 18  Warnings 0

 ** Ignored checks:
    - Global label only appears once in the schematic
    - Four connection points are joined together
    - SPICE model issue
    - Assigned footprint doesn't match footprint filters
