../Core/Inc/main.h:58:33:HAL_UART_Transmit	24	static
../Core/Inc/main.h:59:33:HAL_UART_Receive_IT	24	static
../Core/Src/hmi.c:28:13:uart_init	8	static
../Core/Src/hmi.c:37:13:uart_tx	16	static
../Core/Src/hmi.c:50:6:hmi_init	8	static
../Core/Src/hmi.c:64:6:hmi_update	8	static
../Core/Src/hmi.c:77:6:uart_rx_callback	16	static
../Core/Src/hmi.c:90:6:hmi_send_status	56	static
../Core/Src/hmi.c:117:6:hmi_send_temperature	16	static
../Core/Src/hmi.c:125:6:hmi_send_statistics	8	static
../Core/Src/hmi.c:139:6:hmi_process_command	32	static
../Core/Src/hmi.c:236:6:uart_printf	272	static
