../Core/Src/main.c:109:10:HAL_GetMicrosecond	1
../Core/Src/main.c:114:5:_fstat	1
../Core/Src/main.c:119:13:run_boot_motion_spin_test	9
../Core/Src/main.c:181:5:main	2
../Core/Src/main.c:351:6:SystemClock_Config	3
../Core/Src/main.c:393:13:MX_SPI1_Init	2
../Core/Src/main.c:431:13:MX_TIM1_Init	7
../Core/Src/main.c:506:13:MX_TIM2_Init	6
../Core/Src/main.c:565:13:MX_USART2_UART_Init	2
../Core/Src/main.c:598:13:MX_GPIO_Init	1
../Core/Src/main.c:654:13:task_safety_monitor	1
../Core/Src/main.c:673:13:task_thermal_control	1
../Core/Src/main.c:689:13:task_motion_control	1
../Core/Src/main.c:707:13:task_pump_control	1
../Core/Src/main.c:723:13:task_hmi	2
../Core/Src/main.c:752:13:task_logging	1
../Core/Src/main.c:773:6:StartDefaultTask	1
../Core/Src/main.c:792:6:HAL_TIM_PeriodElapsedCallback	2
../Core/Src/main.c:810:6:Error_Handler	1
