../Core/Src/main.c:109:10:HAL_GetMicrosecond	8	static
../Core/Src/main.c:114:5:_fstat	16	static
../Core/Src/main.c:119:13:run_boot_motion_spin_test	64	static
../Core/Src/main.c:181:5:main	152	static
../Core/Src/main.c:351:6:SystemClock_Config	88	static
../Core/Src/main.c:393:13:MX_SPI1_Init	8	static
../Core/Src/main.c:431:13:MX_TIM1_Init	96	static
../Core/Src/main.c:506:13:MX_TIM2_Init	64	static
../Core/Src/main.c:565:13:MX_USART2_UART_Init	8	static
../Core/Src/main.c:598:13:MX_GPIO_Init	40	static
../Core/Src/main.c:654:13:task_safety_monitor	24	static
../Core/Src/main.c:673:13:task_thermal_control	24	static
../Core/Src/main.c:689:13:task_motion_control	24	static
../Core/Src/main.c:707:13:task_pump_control	24	static
../Core/Src/main.c:723:13:task_hmi	24	static
../Core/Src/main.c:752:13:task_logging	24	static
../Core/Src/main.c:773:6:StartDefaultTask	16	static
../Core/Src/main.c:792:6:HAL_TIM_PeriodElapsedCallback	16	static
../Core/Src/main.c:810:6:Error_Handler	4	static,ignoring_inline_asm
