../Core/Src/main.c:105:10:HAL_GetMicrosecond	8	static
../Core/Src/main.c:110:5:_fstat	16	static
../Core/Src/main.c:121:5:main	152	static
../Core/Src/main.c:267:6:SystemClock_Config	88	static
../Core/Src/main.c:309:13:MX_SPI1_Init	8	static
../Core/Src/main.c:347:13:MX_TIM1_Init	96	static
../Core/Src/main.c:422:13:MX_TIM2_Init	64	static
../Core/Src/main.c:481:13:MX_USART2_UART_Init	8	static
../Core/Src/main.c:514:13:MX_GPIO_Init	40	static
../Core/Src/main.c:564:13:task_safety_monitor	24	static
../Core/Src/main.c:583:13:task_thermal_control	24	static
../Core/Src/main.c:599:13:task_motion_control	24	static
../Core/Src/main.c:615:13:task_pump_control	24	static
../Core/Src/main.c:631:13:task_hmi	24	static
../Core/Src/main.c:660:13:task_logging	24	static
../Core/Src/main.c:681:6:StartDefaultTask	16	static
../Core/Src/main.c:700:6:HAL_TIM_PeriodElapsedCallback	16	static
../Core/Src/main.c:718:6:Error_Handler	4	static,ignoring_inline_asm
