../Core/Src/motion_control.c:33:6:motion_init	8	static
../Core/Src/motion_control.c:53:6:motion_home_axis	8	static
../Core/Src/motion_control.c:74:6:motion_is_homing_active	4	static
../Core/Src/motion_control.c:83:6:motion_enable	16	static
../Core/Src/motion_control.c:107:6:motion_set_target_speed	16	static
../Core/Src/motion_control.c:113:6:motion_set_target_rpm	16	static
../Core/Src/motion_control.c:134:13:motion_update_step_frequency	72	static
../Core/Src/motion_control.c:188:6:motion_step	8	static
../Core/Src/motion_control.c:199:7:motion_get_position	4	static
../Core/Src/motion_control.c:208:7:motion_get_rpm	4	static
../Core/Src/motion_control.c:217:6:motion_is_homed	4	static
../Core/Src/motion_control.c:226:6:motion_is_enabled	4	static
../Core/Src/motion_control.c:241:6:motion_update	40	static
