../Core/Src/motion_control.c:27:6:motion_init	8	static
../Core/Src/motion_control.c:50:6:motion_home_axis	16	static
../Core/Src/motion_control.c:103:6:motion_enable	16	static
../Core/Src/motion_control.c:120:6:motion_set_target_speed	16	static
../Core/Src/motion_control.c:126:6:motion_set_target_rpm	16	static
../Core/Src/motion_control.c:139:6:motion_step	8	static
../Core/Src/motion_control.c:158:7:motion_get_position	4	static
../Core/Src/motion_control.c:167:7:motion_get_rpm	4	static
../Core/Src/motion_control.c:176:6:motion_is_homed	4	static
../Core/Src/motion_control.c:185:6:motion_is_enabled	4	static
../Core/Src/motion_control.c:199:6:motion_update	64	static
