../Core/Src/safety_control.c:26:13:disable_all_outputs	8	static
../Core/Src/safety_control.c:40:6:safety_init	8	static
../Core/Src/safety_control.c:53:6:safety_estop_check	16	static
../Core/Src/safety_control.c:88:6:safety_cover_check	16	static
../Core/Src/safety_control.c:121:6:safety_thermal_check	16	static
../Core/Src/safety_control.c:143:6:safety_monitor	16	static
../Core/Src/safety_control.c:168:6:safety_all_systems_ok	4	static
../Core/Src/safety_control.c:177:6:safety_shutdown	8	static
../Core/Src/safety_control.c:187:6:safety_disable_all_outputs	8	static
../Core/Src/safety_control.c:196:6:safety_set_fault	16	static
../Core/Src/safety_control.c:206:6:safety_clear_fault	16	static
../Core/Src/safety_control.c:219:6:safety_has_fault	16	static
../Core/Src/safety_control.c:228:10:safety_get_fault_flags	4	static
../Core/Src/safety_control.c:237:6:safety_is_estop_pressed	4	static
../Core/Src/safety_control.c:246:6:safety_is_cover_open	4	static
../Core/Src/safety_control.c:255:6:safety_is_thermal_cutoff_active	4	static
../Core/Src/safety_control.c:265:13:safety_fault_description	16	static
