../Core/Src/thermal_control.c:39:6:thermal_init	8	static
../Core/Src/thermal_control.c:64:6:thermal_read_rtd_spi	24	static
../Core/Src/thermal_control.c:154:7:thermal_get_temperature	4	static
../Core/Src/thermal_control.c:162:6:thermal_pid_reset	4	static
../Core/Src/thermal_control.c:176:7:thermal_pid_compute	48	static
../Core/Src/thermal_control.c:218:6:thermal_pid_update	56	static
../Core/Src/thermal_control.c:271:6:thermal_ssr_enable	16	static
../Core/Src/thermal_control.c:293:6:thermal_is_stable	16	static
