../Core/Src/thermal_control.c:35:6:thermal_init	8	static
../Core/Src/thermal_control.c:59:6:thermal_read_rtd_spi	56	static
../Core/Src/thermal_control.c:112:7:thermal_get_temperature	4	static
../Core/Src/thermal_control.c:120:6:thermal_pid_reset	4	static
../Core/Src/thermal_control.c:134:7:thermal_pid_compute	48	static
../Core/Src/thermal_control.c:176:6:thermal_pid_update	24	static
../Core/Src/thermal_control.c:213:6:thermal_ssr_enable	16	static
../Core/Src/thermal_control.c:229:6:thermal_is_stable	16	static
